../Core/Src/main.c:86:6:delay_us	16	static
../Core/Src/main.c:93:6:Set_Pin_Output	40	static
../Core/Src/main.c:103:6:Set_Pin_Input	40	static
../Core/Src/main.c:113:6:DHT11_Start	8	static
../Core/Src/main.c:124:9:DHT11_Check_Response	16	static
../Core/Src/main.c:153:9:DHT11_Read	16	static
../Core/Src/main.c:197:5:main	136	static
../Core/Src/main.c:314:6:SystemClock_Config	88	static
../Core/Src/main.c:361:13:MX_ADC1_Init	24	static
../Core/Src/main.c:422:13:MX_TIM1_Init	32	static
../Core/Src/main.c:468:13:MX_TIM2_Init	32	static
../Core/Src/main.c:513:13:MX_USART1_UART_Init	8	static
../Core/Src/main.c:546:13:MX_USART2_UART_Init	8	static
../Core/Src/main.c:579:13:MX_GPIO_Init	48	static
../Core/Src/main.c:622:6:Error_Handler	4	static,ignoring_inline_asm
